// Jest Snapshot v1, https://goo.gl/fbAQLP

exports[`should collect data 1`] = `
{
  "collectedEntities": [
    {
      "_class": [
        "Account",
      ],
      "_key": "auth0-account:local-integration-instance",
      "_rawData": [
        {
          "name": "default",
          "rawData": {
            "id": "Auth0 Account",
            "name": "Auth0 Account",
          },
        },
      ],
      "_type": "auth0_account",
      "createdOn": undefined,
      "displayName": "Auth0 Account",
      "id": "Auth0 Account",
      "name": "Auth0 Account",
      "webLink": "https://manage.auth0.com/dashboard/au/dev-1twhdvfgiaaimlwz/",
    },
    {
      "_class": [
        "User",
      ],
      "_key": "auth0|64fb4ca5d572a3455f2bb758",
      "_rawData": [
        {
          "name": "default",
          "rawData": {
            "created_at": "2023-09-08T16:32:37.430Z",
            "email": "michell.ayalagalvan+16@contractor.jupiterone.com",
            "email_verified": false,
            "identities": [
              {
                "connection": "Username-Password-Authentication",
                "isSocial": false,
                "provider": "auth0",
                "user_id": "64fb4ca5d572a3455f2bb758",
              },
            ],
            "name": "michell.ayalagalvan+16@contractor.jupiterone.com",
            "nickname": "michell.ayalagalvan+16",
            "picture": "https://s.gravatar.com/avatar/f1bab7609b4d6eb88e5734c96bc0e6b0?s=480&r=pg&d=https%3A%2F%2Fcdn.auth0.com%2Favatars%2Fmi.png",
            "updated_at": "2023-09-08T16:32:37.430Z",
            "user_id": "auth0|64fb4ca5d572a3455f2bb758",
          },
        },
      ],
      "_type": "auth0_user",
      "blocked": undefined,
      "createdAt": "2023-09-08T16:32:37.430Z",
      "createdOn": undefined,
      "displayName": "michell.ayalagalvan+16@contractor.jupiterone.com",
      "email": "michell.ayalagalvan+16@contractor.jupiterone.com",
      "emailVerified": false,
      "familyName": undefined,
      "givenName": undefined,
      "identities": "[{"connection":"Username-Password-Authentication","user_id":"64fb4ca5d572a3455f2bb758","provider":"auth0","isSocial":false}]",
      "lastIp": undefined,
      "lastLogin": undefined,
      "loginsCount": undefined,
      "multifactor": undefined,
      "name": "michell.ayalagalvan+16@contractor.jupiterone.com",
      "nickname": "michell.ayalagalvan+16",
      "phoneNumber": undefined,
      "phoneVerified": undefined,
      "picture": "https://s.gravatar.com/avatar/f1bab7609b4d6eb88e5734c96bc0e6b0?s=480&r=pg&d=https%3A%2F%2Fcdn.auth0.com%2Favatars%2Fmi.png",
      "updatedAt": "2023-09-08T16:32:37.430Z",
      "userId": "auth0|64fb4ca5d572a3455f2bb758",
      "username": "",
      "webLink": "https://manage.auth0.com/dashboard/au/dev-1twhdvfgiaaimlwz/users/auth0%7C64fb4ca5d572a3455f2bb758",
    },
    {
      "_class": [
        "User",
      ],
      "_key": "auth0|64fb4988c095c872cb1970dc",
      "_rawData": [
        {
          "name": "default",
          "rawData": {
            "created_at": "2023-09-08T16:19:20.075Z",
            "email": "michell.ayalagalvan+15@contractor.jupiterone.com",
            "email_verified": false,
            "identities": [
              {
                "connection": "Username-Password-Authentication",
                "isSocial": false,
                "provider": "auth0",
                "user_id": "64fb4988c095c872cb1970dc",
              },
            ],
            "name": "michell.ayalagalvan+15@contractor.jupiterone.com",
            "nickname": "michell.ayalagalvan+15",
            "picture": "https://s.gravatar.com/avatar/a35f567f496c349d675652a3886ea4d8?s=480&r=pg&d=https%3A%2F%2Fcdn.auth0.com%2Favatars%2Fmi.png",
            "updated_at": "2023-09-08T16:19:20.076Z",
            "user_id": "auth0|64fb4988c095c872cb1970dc",
          },
        },
      ],
      "_type": "auth0_user",
      "blocked": undefined,
      "createdAt": "2023-09-08T16:19:20.075Z",
      "createdOn": undefined,
      "displayName": "michell.ayalagalvan+15@contractor.jupiterone.com",
      "email": "michell.ayalagalvan+15@contractor.jupiterone.com",
      "emailVerified": false,
      "familyName": undefined,
      "givenName": undefined,
      "identities": "[{"connection":"Username-Password-Authentication","user_id":"64fb4988c095c872cb1970dc","provider":"auth0","isSocial":false}]",
      "lastIp": undefined,
      "lastLogin": undefined,
      "loginsCount": undefined,
      "multifactor": undefined,
      "name": "michell.ayalagalvan+15@contractor.jupiterone.com",
      "nickname": "michell.ayalagalvan+15",
      "phoneNumber": undefined,
      "phoneVerified": undefined,
      "picture": "https://s.gravatar.com/avatar/a35f567f496c349d675652a3886ea4d8?s=480&r=pg&d=https%3A%2F%2Fcdn.auth0.com%2Favatars%2Fmi.png",
      "updatedAt": "2023-09-08T16:19:20.076Z",
      "userId": "auth0|64fb4988c095c872cb1970dc",
      "username": "",
      "webLink": "https://manage.auth0.com/dashboard/au/dev-1twhdvfgiaaimlwz/users/auth0%7C64fb4988c095c872cb1970dc",
    },
    {
      "_class": [
        "User",
      ],
      "_key": "auth0|64fb497d87540693da9f6a05",
      "_rawData": [
        {
          "name": "default",
          "rawData": {
            "created_at": "2023-09-08T16:19:09.860Z",
            "email": "michell.ayalagalvan+14@contractor.jupiterone.com",
            "email_verified": false,
            "identities": [
              {
                "connection": "Username-Password-Authentication",
                "isSocial": false,
                "provider": "auth0",
                "user_id": "64fb497d87540693da9f6a05",
              },
            ],
            "name": "michell.ayalagalvan+14@contractor.jupiterone.com",
            "nickname": "michell.ayalagalvan+14",
            "picture": "https://s.gravatar.com/avatar/b2c7edabbd2672978caea481951117aa?s=480&r=pg&d=https%3A%2F%2Fcdn.auth0.com%2Favatars%2Fmi.png",
            "updated_at": "2023-09-08T16:19:09.860Z",
            "user_id": "auth0|64fb497d87540693da9f6a05",
          },
        },
      ],
      "_type": "auth0_user",
      "blocked": undefined,
      "createdAt": "2023-09-08T16:19:09.860Z",
      "createdOn": undefined,
      "displayName": "michell.ayalagalvan+14@contractor.jupiterone.com",
      "email": "michell.ayalagalvan+14@contractor.jupiterone.com",
      "emailVerified": false,
      "familyName": undefined,
      "givenName": undefined,
      "identities": "[{"connection":"Username-Password-Authentication","user_id":"64fb497d87540693da9f6a05","provider":"auth0","isSocial":false}]",
      "lastIp": undefined,
      "lastLogin": undefined,
      "loginsCount": undefined,
      "multifactor": undefined,
      "name": "michell.ayalagalvan+14@contractor.jupiterone.com",
      "nickname": "michell.ayalagalvan+14",
      "phoneNumber": undefined,
      "phoneVerified": undefined,
      "picture": "https://s.gravatar.com/avatar/b2c7edabbd2672978caea481951117aa?s=480&r=pg&d=https%3A%2F%2Fcdn.auth0.com%2Favatars%2Fmi.png",
      "updatedAt": "2023-09-08T16:19:09.860Z",
      "userId": "auth0|64fb497d87540693da9f6a05",
      "username": "",
      "webLink": "https://manage.auth0.com/dashboard/au/dev-1twhdvfgiaaimlwz/users/auth0%7C64fb497d87540693da9f6a05",
    },
    {
      "_class": [
        "User",
      ],
      "_key": "auth0|64fb497387540693da9f6a03",
      "_rawData": [
        {
          "name": "default",
          "rawData": {
            "created_at": "2023-09-08T16:18:59.643Z",
            "email": "michell.ayalagalvan+13@contractor.jupiterone.com",
            "email_verified": false,
            "identities": [
              {
                "connection": "Username-Password-Authentication",
                "isSocial": false,
                "provider": "auth0",
                "user_id": "64fb497387540693da9f6a03",
              },
            ],
            "name": "michell.ayalagalvan+13@contractor.jupiterone.com",
            "nickname": "michell.ayalagalvan+13",
            "picture": "https://s.gravatar.com/avatar/85cb38c8c6974bd5b614043147113098?s=480&r=pg&d=https%3A%2F%2Fcdn.auth0.com%2Favatars%2Fmi.png",
            "updated_at": "2023-09-08T16:18:59.643Z",
            "user_id": "auth0|64fb497387540693da9f6a03",
          },
        },
      ],
      "_type": "auth0_user",
      "blocked": undefined,
      "createdAt": "2023-09-08T16:18:59.643Z",
      "createdOn": undefined,
      "displayName": "michell.ayalagalvan+13@contractor.jupiterone.com",
      "email": "michell.ayalagalvan+13@contractor.jupiterone.com",
      "emailVerified": false,
      "familyName": undefined,
      "givenName": undefined,
      "identities": "[{"connection":"Username-Password-Authentication","user_id":"64fb497387540693da9f6a03","provider":"auth0","isSocial":false}]",
      "lastIp": undefined,
      "lastLogin": undefined,
      "loginsCount": undefined,
      "multifactor": undefined,
      "name": "michell.ayalagalvan+13@contractor.jupiterone.com",
      "nickname": "michell.ayalagalvan+13",
      "phoneNumber": undefined,
      "phoneVerified": undefined,
      "picture": "https://s.gravatar.com/avatar/85cb38c8c6974bd5b614043147113098?s=480&r=pg&d=https%3A%2F%2Fcdn.auth0.com%2Favatars%2Fmi.png",
      "updatedAt": "2023-09-08T16:18:59.643Z",
      "userId": "auth0|64fb497387540693da9f6a03",
      "username": "",
      "webLink": "https://manage.auth0.com/dashboard/au/dev-1twhdvfgiaaimlwz/users/auth0%7C64fb497387540693da9f6a03",
    },
    {
      "_class": [
        "User",
      ],
      "_key": "auth0|64fb496abe549c74406bf33f",
      "_rawData": [
        {
          "name": "default",
          "rawData": {
            "created_at": "2023-09-08T16:18:50.327Z",
            "email": "michell.ayalagalvan+12@contractor.jupiterone.com",
            "email_verified": false,
            "identities": [
              {
                "connection": "Username-Password-Authentication",
                "isSocial": false,
                "provider": "auth0",
                "user_id": "64fb496abe549c74406bf33f",
              },
            ],
            "name": "michell.ayalagalvan+12@contractor.jupiterone.com",
            "nickname": "michell.ayalagalvan+12",
            "picture": "https://s.gravatar.com/avatar/b3debdb3004d5841c113110ea83c457a?s=480&r=pg&d=https%3A%2F%2Fcdn.auth0.com%2Favatars%2Fmi.png",
            "updated_at": "2023-09-08T16:18:50.327Z",
            "user_id": "auth0|64fb496abe549c74406bf33f",
          },
        },
      ],
      "_type": "auth0_user",
      "blocked": undefined,
      "createdAt": "2023-09-08T16:18:50.327Z",
      "createdOn": undefined,
      "displayName": "michell.ayalagalvan+12@contractor.jupiterone.com",
      "email": "michell.ayalagalvan+12@contractor.jupiterone.com",
      "emailVerified": false,
      "familyName": undefined,
      "givenName": undefined,
      "identities": "[{"connection":"Username-Password-Authentication","user_id":"64fb496abe549c74406bf33f","provider":"auth0","isSocial":false}]",
      "lastIp": undefined,
      "lastLogin": undefined,
      "loginsCount": undefined,
      "multifactor": undefined,
      "name": "michell.ayalagalvan+12@contractor.jupiterone.com",
      "nickname": "michell.ayalagalvan+12",
      "phoneNumber": undefined,
      "phoneVerified": undefined,
      "picture": "https://s.gravatar.com/avatar/b3debdb3004d5841c113110ea83c457a?s=480&r=pg&d=https%3A%2F%2Fcdn.auth0.com%2Favatars%2Fmi.png",
      "updatedAt": "2023-09-08T16:18:50.327Z",
      "userId": "auth0|64fb496abe549c74406bf33f",
      "username": "",
      "webLink": "https://manage.auth0.com/dashboard/au/dev-1twhdvfgiaaimlwz/users/auth0%7C64fb496abe549c74406bf33f",
    },
    {
      "_class": [
        "User",
      ],
      "_key": "auth0|64fb4950c095c872cb1970d8",
      "_rawData": [
        {
          "name": "default",
          "rawData": {
            "created_at": "2023-09-08T16:18:24.580Z",
            "email": "michell.ayalagalvan+11@contractor.jupiterone.com",
            "email_verified": false,
            "identities": [
              {
                "connection": "Username-Password-Authentication",
                "isSocial": false,
                "provider": "auth0",
                "user_id": "64fb4950c095c872cb1970d8",
              },
            ],
            "name": "michell.ayalagalvan+11@contractor.jupiterone.com",
            "nickname": "michell.ayalagalvan+11",
            "picture": "https://s.gravatar.com/avatar/30cb8bc32f99d6619a7e7831344ba4aa?s=480&r=pg&d=https%3A%2F%2Fcdn.auth0.com%2Favatars%2Fmi.png",
            "updated_at": "2023-09-08T16:18:24.580Z",
            "user_id": "auth0|64fb4950c095c872cb1970d8",
          },
        },
      ],
      "_type": "auth0_user",
      "blocked": undefined,
      "createdAt": "2023-09-08T16:18:24.580Z",
      "createdOn": undefined,
      "displayName": "michell.ayalagalvan+11@contractor.jupiterone.com",
      "email": "michell.ayalagalvan+11@contractor.jupiterone.com",
      "emailVerified": false,
      "familyName": undefined,
      "givenName": undefined,
      "identities": "[{"connection":"Username-Password-Authentication","user_id":"64fb4950c095c872cb1970d8","provider":"auth0","isSocial":false}]",
      "lastIp": undefined,
      "lastLogin": undefined,
      "loginsCount": undefined,
      "multifactor": undefined,
      "name": "michell.ayalagalvan+11@contractor.jupiterone.com",
      "nickname": "michell.ayalagalvan+11",
      "phoneNumber": undefined,
      "phoneVerified": undefined,
      "picture": "https://s.gravatar.com/avatar/30cb8bc32f99d6619a7e7831344ba4aa?s=480&r=pg&d=https%3A%2F%2Fcdn.auth0.com%2Favatars%2Fmi.png",
      "updatedAt": "2023-09-08T16:18:24.580Z",
      "userId": "auth0|64fb4950c095c872cb1970d8",
      "username": "",
      "webLink": "https://manage.auth0.com/dashboard/au/dev-1twhdvfgiaaimlwz/users/auth0%7C64fb4950c095c872cb1970d8",
    },
    {
      "_class": [
        "User",
      ],
      "_key": "auth0|64fb4946c095c872cb1970d7",
      "_rawData": [
        {
          "name": "default",
          "rawData": {
            "created_at": "2023-09-08T16:18:14.503Z",
            "email": "michell.ayalagalvan+10@contractor.jupiterone.com",
            "email_verified": false,
            "identities": [
              {
                "connection": "Username-Password-Authentication",
                "isSocial": false,
                "provider": "auth0",
                "user_id": "64fb4946c095c872cb1970d7",
              },
            ],
            "name": "michell.ayalagalvan+10@contractor.jupiterone.com",
            "nickname": "michell.ayalagalvan+10",
            "picture": "https://s.gravatar.com/avatar/d9498f6776e5dd17cc057e0c2c2dd5cf?s=480&r=pg&d=https%3A%2F%2Fcdn.auth0.com%2Favatars%2Fmi.png",
            "updated_at": "2023-09-08T16:18:14.503Z",
            "user_id": "auth0|64fb4946c095c872cb1970d7",
          },
        },
      ],
      "_type": "auth0_user",
      "blocked": undefined,
      "createdAt": "2023-09-08T16:18:14.503Z",
      "createdOn": undefined,
      "displayName": "michell.ayalagalvan+10@contractor.jupiterone.com",
      "email": "michell.ayalagalvan+10@contractor.jupiterone.com",
      "emailVerified": false,
      "familyName": undefined,
      "givenName": undefined,
      "identities": "[{"connection":"Username-Password-Authentication","user_id":"64fb4946c095c872cb1970d7","provider":"auth0","isSocial":false}]",
      "lastIp": undefined,
      "lastLogin": undefined,
      "loginsCount": undefined,
      "multifactor": undefined,
      "name": "michell.ayalagalvan+10@contractor.jupiterone.com",
      "nickname": "michell.ayalagalvan+10",
      "phoneNumber": undefined,
      "phoneVerified": undefined,
      "picture": "https://s.gravatar.com/avatar/d9498f6776e5dd17cc057e0c2c2dd5cf?s=480&r=pg&d=https%3A%2F%2Fcdn.auth0.com%2Favatars%2Fmi.png",
      "updatedAt": "2023-09-08T16:18:14.503Z",
      "userId": "auth0|64fb4946c095c872cb1970d7",
      "username": "",
      "webLink": "https://manage.auth0.com/dashboard/au/dev-1twhdvfgiaaimlwz/users/auth0%7C64fb4946c095c872cb1970d7",
    },
    {
      "_class": [
        "User",
      ],
      "_key": "auth0|64fb4907c095c872cb1970d2",
      "_rawData": [
        {
          "name": "default",
          "rawData": {
            "created_at": "2023-09-08T16:17:11.961Z",
            "email": "michell.ayalagalvan+9@contractor.jupiterone.com",
            "email_verified": false,
            "identities": [
              {
                "connection": "Username-Password-Authentication",
                "isSocial": false,
                "provider": "auth0",
                "user_id": "64fb4907c095c872cb1970d2",
              },
            ],
            "name": "michell.ayalagalvan+9@contractor.jupiterone.com",
            "nickname": "michell.ayalagalvan+9",
            "picture": "https://s.gravatar.com/avatar/ede47bbd708ed3b80af654eca0725e1c?s=480&r=pg&d=https%3A%2F%2Fcdn.auth0.com%2Favatars%2Fmi.png",
            "updated_at": "2023-09-08T16:17:11.961Z",
            "user_id": "auth0|64fb4907c095c872cb1970d2",
          },
        },
      ],
      "_type": "auth0_user",
      "blocked": undefined,
      "createdAt": "2023-09-08T16:17:11.961Z",
      "createdOn": undefined,
      "displayName": "michell.ayalagalvan+9@contractor.jupiterone.com",
      "email": "michell.ayalagalvan+9@contractor.jupiterone.com",
      "emailVerified": false,
      "familyName": undefined,
      "givenName": undefined,
      "identities": "[{"connection":"Username-Password-Authentication","user_id":"64fb4907c095c872cb1970d2","provider":"auth0","isSocial":false}]",
      "lastIp": undefined,
      "lastLogin": undefined,
      "loginsCount": undefined,
      "multifactor": undefined,
      "name": "michell.ayalagalvan+9@contractor.jupiterone.com",
      "nickname": "michell.ayalagalvan+9",
      "phoneNumber": undefined,
      "phoneVerified": undefined,
      "picture": "https://s.gravatar.com/avatar/ede47bbd708ed3b80af654eca0725e1c?s=480&r=pg&d=https%3A%2F%2Fcdn.auth0.com%2Favatars%2Fmi.png",
      "updatedAt": "2023-09-08T16:17:11.961Z",
      "userId": "auth0|64fb4907c095c872cb1970d2",
      "username": "",
      "webLink": "https://manage.auth0.com/dashboard/au/dev-1twhdvfgiaaimlwz/users/auth0%7C64fb4907c095c872cb1970d2",
    },
    {
      "_class": [
        "User",
      ],
      "_key": "auth0|64fb48f1c095c872cb1970d1",
      "_rawData": [
        {
          "name": "default",
          "rawData": {
            "created_at": "2023-09-08T16:16:49.272Z",
            "email": "michell.ayalagalvan+8@contractor.jupiterone.com",
            "email_verified": false,
            "identities": [
              {
                "connection": "Username-Password-Authentication",
                "isSocial": false,
                "provider": "auth0",
                "user_id": "64fb48f1c095c872cb1970d1",
              },
            ],
            "name": "michell.ayalagalvan+8@contractor.jupiterone.com",
            "nickname": "michell.ayalagalvan+8",
            "picture": "https://s.gravatar.com/avatar/7820b6a6374a167c17a2962bdc0f69f3?s=480&r=pg&d=https%3A%2F%2Fcdn.auth0.com%2Favatars%2Fmi.png",
            "updated_at": "2023-09-08T16:16:49.272Z",
            "user_id": "auth0|64fb48f1c095c872cb1970d1",
          },
        },
      ],
      "_type": "auth0_user",
      "blocked": undefined,
      "createdAt": "2023-09-08T16:16:49.272Z",
      "createdOn": undefined,
      "displayName": "michell.ayalagalvan+8@contractor.jupiterone.com",
      "email": "michell.ayalagalvan+8@contractor.jupiterone.com",
      "emailVerified": false,
      "familyName": undefined,
      "givenName": undefined,
      "identities": "[{"connection":"Username-Password-Authentication","user_id":"64fb48f1c095c872cb1970d1","provider":"auth0","isSocial":false}]",
      "lastIp": undefined,
      "lastLogin": undefined,
      "loginsCount": undefined,
      "multifactor": undefined,
      "name": "michell.ayalagalvan+8@contractor.jupiterone.com",
      "nickname": "michell.ayalagalvan+8",
      "phoneNumber": undefined,
      "phoneVerified": undefined,
      "picture": "https://s.gravatar.com/avatar/7820b6a6374a167c17a2962bdc0f69f3?s=480&r=pg&d=https%3A%2F%2Fcdn.auth0.com%2Favatars%2Fmi.png",
      "updatedAt": "2023-09-08T16:16:49.272Z",
      "userId": "auth0|64fb48f1c095c872cb1970d1",
      "username": "",
      "webLink": "https://manage.auth0.com/dashboard/au/dev-1twhdvfgiaaimlwz/users/auth0%7C64fb48f1c095c872cb1970d1",
    },
    {
      "_class": [
        "User",
      ],
      "_key": "auth0|64fb48e787540693da9f69fd",
      "_rawData": [
        {
          "name": "default",
          "rawData": {
            "created_at": "2023-09-08T16:16:39.214Z",
            "email": "michell.ayalagalvan+7@contractor.jupiterone.com",
            "email_verified": false,
            "identities": [
              {
                "connection": "Username-Password-Authentication",
                "isSocial": false,
                "provider": "auth0",
                "user_id": "64fb48e787540693da9f69fd",
              },
            ],
            "name": "michell.ayalagalvan+7@contractor.jupiterone.com",
            "nickname": "michell.ayalagalvan+7",
            "picture": "https://s.gravatar.com/avatar/ba4043d1bee7704ac88f3612d9c50ff5?s=480&r=pg&d=https%3A%2F%2Fcdn.auth0.com%2Favatars%2Fmi.png",
            "updated_at": "2023-09-08T16:16:39.214Z",
            "user_id": "auth0|64fb48e787540693da9f69fd",
          },
        },
      ],
      "_type": "auth0_user",
      "blocked": undefined,
      "createdAt": "2023-09-08T16:16:39.214Z",
      "createdOn": undefined,
      "displayName": "michell.ayalagalvan+7@contractor.jupiterone.com",
      "email": "michell.ayalagalvan+7@contractor.jupiterone.com",
      "emailVerified": false,
      "familyName": undefined,
      "givenName": undefined,
      "identities": "[{"connection":"Username-Password-Authentication","user_id":"64fb48e787540693da9f69fd","provider":"auth0","isSocial":false}]",
      "lastIp": undefined,
      "lastLogin": undefined,
      "loginsCount": undefined,
      "multifactor": undefined,
      "name": "michell.ayalagalvan+7@contractor.jupiterone.com",
      "nickname": "michell.ayalagalvan+7",
      "phoneNumber": undefined,
      "phoneVerified": undefined,
      "picture": "https://s.gravatar.com/avatar/ba4043d1bee7704ac88f3612d9c50ff5?s=480&r=pg&d=https%3A%2F%2Fcdn.auth0.com%2Favatars%2Fmi.png",
      "updatedAt": "2023-09-08T16:16:39.214Z",
      "userId": "auth0|64fb48e787540693da9f69fd",
      "username": "",
      "webLink": "https://manage.auth0.com/dashboard/au/dev-1twhdvfgiaaimlwz/users/auth0%7C64fb48e787540693da9f69fd",
    },
    {
      "_class": [
        "User",
      ],
      "_key": "auth0|64fb48dac095c872cb1970cf",
      "_rawData": [
        {
          "name": "default",
          "rawData": {
            "created_at": "2023-09-08T16:16:26.175Z",
            "email": "michell.ayalagalvan+6@contractor.jupiterone.com",
            "email_verified": false,
            "identities": [
              {
                "connection": "Username-Password-Authentication",
                "isSocial": false,
                "provider": "auth0",
                "user_id": "64fb48dac095c872cb1970cf",
              },
            ],
            "name": "michell.ayalagalvan+6@contractor.jupiterone.com",
            "nickname": "michell.ayalagalvan+6",
            "picture": "https://s.gravatar.com/avatar/48123a7d2b34f38290f43170c8032832?s=480&r=pg&d=https%3A%2F%2Fcdn.auth0.com%2Favatars%2Fmi.png",
            "updated_at": "2023-09-08T16:16:26.175Z",
            "user_id": "auth0|64fb48dac095c872cb1970cf",
          },
        },
      ],
      "_type": "auth0_user",
      "blocked": undefined,
      "createdAt": "2023-09-08T16:16:26.175Z",
      "createdOn": undefined,
      "displayName": "michell.ayalagalvan+6@contractor.jupiterone.com",
      "email": "michell.ayalagalvan+6@contractor.jupiterone.com",
      "emailVerified": false,
      "familyName": undefined,
      "givenName": undefined,
      "identities": "[{"connection":"Username-Password-Authentication","user_id":"64fb48dac095c872cb1970cf","provider":"auth0","isSocial":false}]",
      "lastIp": undefined,
      "lastLogin": undefined,
      "loginsCount": undefined,
      "multifactor": undefined,
      "name": "michell.ayalagalvan+6@contractor.jupiterone.com",
      "nickname": "michell.ayalagalvan+6",
      "phoneNumber": undefined,
      "phoneVerified": undefined,
      "picture": "https://s.gravatar.com/avatar/48123a7d2b34f38290f43170c8032832?s=480&r=pg&d=https%3A%2F%2Fcdn.auth0.com%2Favatars%2Fmi.png",
      "updatedAt": "2023-09-08T16:16:26.175Z",
      "userId": "auth0|64fb48dac095c872cb1970cf",
      "username": "",
      "webLink": "https://manage.auth0.com/dashboard/au/dev-1twhdvfgiaaimlwz/users/auth0%7C64fb48dac095c872cb1970cf",
    },
    {
      "_class": [
        "User",
      ],
      "_key": "auth0|64fb48cfbe549c74406bf336",
      "_rawData": [
        {
          "name": "default",
          "rawData": {
            "created_at": "2023-09-08T16:16:15.272Z",
            "email": "michell.ayalagalvan+5@contractor.jupiterone.com",
            "email_verified": false,
            "identities": [
              {
                "connection": "Username-Password-Authentication",
                "isSocial": false,
                "provider": "auth0",
                "user_id": "64fb48cfbe549c74406bf336",
              },
            ],
            "name": "michell.ayalagalvan+5@contractor.jupiterone.com",
            "nickname": "michell.ayalagalvan+5",
            "picture": "https://s.gravatar.com/avatar/7e8e601f359fbe05a9d5d250c0b17af7?s=480&r=pg&d=https%3A%2F%2Fcdn.auth0.com%2Favatars%2Fmi.png",
            "updated_at": "2023-09-08T16:16:15.272Z",
            "user_id": "auth0|64fb48cfbe549c74406bf336",
          },
        },
      ],
      "_type": "auth0_user",
      "blocked": undefined,
      "createdAt": "2023-09-08T16:16:15.272Z",
      "createdOn": undefined,
      "displayName": "michell.ayalagalvan+5@contractor.jupiterone.com",
      "email": "michell.ayalagalvan+5@contractor.jupiterone.com",
      "emailVerified": false,
      "familyName": undefined,
      "givenName": undefined,
      "identities": "[{"connection":"Username-Password-Authentication","user_id":"64fb48cfbe549c74406bf336","provider":"auth0","isSocial":false}]",
      "lastIp": undefined,
      "lastLogin": undefined,
      "loginsCount": undefined,
      "multifactor": undefined,
      "name": "michell.ayalagalvan+5@contractor.jupiterone.com",
      "nickname": "michell.ayalagalvan+5",
      "phoneNumber": undefined,
      "phoneVerified": undefined,
      "picture": "https://s.gravatar.com/avatar/7e8e601f359fbe05a9d5d250c0b17af7?s=480&r=pg&d=https%3A%2F%2Fcdn.auth0.com%2Favatars%2Fmi.png",
      "updatedAt": "2023-09-08T16:16:15.272Z",
      "userId": "auth0|64fb48cfbe549c74406bf336",
      "username": "",
      "webLink": "https://manage.auth0.com/dashboard/au/dev-1twhdvfgiaaimlwz/users/auth0%7C64fb48cfbe549c74406bf336",
    },
    {
      "_class": [
        "User",
      ],
      "_key": "auth0|64fb48c2be549c74406bf335",
      "_rawData": [
        {
          "name": "default",
          "rawData": {
            "created_at": "2023-09-08T16:16:02.340Z",
            "email": "michell.ayalagalvan+4@contractor.jupiterone.com",
            "email_verified": false,
            "identities": [
              {
                "connection": "Username-Password-Authentication",
                "isSocial": false,
                "provider": "auth0",
                "user_id": "64fb48c2be549c74406bf335",
              },
            ],
            "name": "michell.ayalagalvan+4@contractor.jupiterone.com",
            "nickname": "michell.ayalagalvan+4",
            "picture": "https://s.gravatar.com/avatar/43c13b89278dd6dda3bb6e91ec0a6425?s=480&r=pg&d=https%3A%2F%2Fcdn.auth0.com%2Favatars%2Fmi.png",
            "updated_at": "2023-09-08T16:16:02.340Z",
            "user_id": "auth0|64fb48c2be549c74406bf335",
          },
        },
      ],
      "_type": "auth0_user",
      "blocked": undefined,
      "createdAt": "2023-09-08T16:16:02.340Z",
      "createdOn": undefined,
      "displayName": "michell.ayalagalvan+4@contractor.jupiterone.com",
      "email": "michell.ayalagalvan+4@contractor.jupiterone.com",
      "emailVerified": false,
      "familyName": undefined,
      "givenName": undefined,
      "identities": "[{"connection":"Username-Password-Authentication","user_id":"64fb48c2be549c74406bf335","provider":"auth0","isSocial":false}]",
      "lastIp": undefined,
      "lastLogin": undefined,
      "loginsCount": undefined,
      "multifactor": undefined,
      "name": "michell.ayalagalvan+4@contractor.jupiterone.com",
      "nickname": "michell.ayalagalvan+4",
      "phoneNumber": undefined,
      "phoneVerified": undefined,
      "picture": "https://s.gravatar.com/avatar/43c13b89278dd6dda3bb6e91ec0a6425?s=480&r=pg&d=https%3A%2F%2Fcdn.auth0.com%2Favatars%2Fmi.png",
      "updatedAt": "2023-09-08T16:16:02.340Z",
      "userId": "auth0|64fb48c2be549c74406bf335",
      "username": "",
      "webLink": "https://manage.auth0.com/dashboard/au/dev-1twhdvfgiaaimlwz/users/auth0%7C64fb48c2be549c74406bf335",
    },
    {
      "_class": [
        "User",
      ],
      "_key": "auth0|64fb48b6d572a3455f2bb726",
      "_rawData": [
        {
          "name": "default",
          "rawData": {
            "created_at": "2023-09-08T16:15:50.066Z",
            "email": "michell.ayalagalvan+3@contractor.jupiterone.com",
            "email_verified": false,
            "identities": [
              {
                "connection": "Username-Password-Authentication",
                "isSocial": false,
                "provider": "auth0",
                "user_id": "64fb48b6d572a3455f2bb726",
              },
            ],
            "name": "michell.ayalagalvan+3@contractor.jupiterone.com",
            "nickname": "michell.ayalagalvan+3",
            "picture": "https://s.gravatar.com/avatar/aec716c7259729f6f7de506570c3765e?s=480&r=pg&d=https%3A%2F%2Fcdn.auth0.com%2Favatars%2Fmi.png",
            "updated_at": "2023-09-08T16:15:50.066Z",
            "user_id": "auth0|64fb48b6d572a3455f2bb726",
          },
        },
      ],
      "_type": "auth0_user",
      "blocked": undefined,
      "createdAt": "2023-09-08T16:15:50.066Z",
      "createdOn": undefined,
      "displayName": "michell.ayalagalvan+3@contractor.jupiterone.com",
      "email": "michell.ayalagalvan+3@contractor.jupiterone.com",
      "emailVerified": false,
      "familyName": undefined,
      "givenName": undefined,
      "identities": "[{"connection":"Username-Password-Authentication","user_id":"64fb48b6d572a3455f2bb726","provider":"auth0","isSocial":false}]",
      "lastIp": undefined,
      "lastLogin": undefined,
      "loginsCount": undefined,
      "multifactor": undefined,
      "name": "michell.ayalagalvan+3@contractor.jupiterone.com",
      "nickname": "michell.ayalagalvan+3",
      "phoneNumber": undefined,
      "phoneVerified": undefined,
      "picture": "https://s.gravatar.com/avatar/aec716c7259729f6f7de506570c3765e?s=480&r=pg&d=https%3A%2F%2Fcdn.auth0.com%2Favatars%2Fmi.png",
      "updatedAt": "2023-09-08T16:15:50.066Z",
      "userId": "auth0|64fb48b6d572a3455f2bb726",
      "username": "",
      "webLink": "https://manage.auth0.com/dashboard/au/dev-1twhdvfgiaaimlwz/users/auth0%7C64fb48b6d572a3455f2bb726",
    },
    {
      "_class": [
        "User",
      ],
      "_key": "auth0|64fb48aad572a3455f2bb724",
      "_rawData": [
        {
          "name": "default",
          "rawData": {
            "created_at": "2023-09-08T16:15:38.946Z",
            "email": "michell.ayalagalvan+2@contractor.jupiterone.com",
            "email_verified": false,
            "identities": [
              {
                "connection": "Username-Password-Authentication",
                "isSocial": false,
                "provider": "auth0",
                "user_id": "64fb48aad572a3455f2bb724",
              },
            ],
            "name": "michell.ayalagalvan+2@contractor.jupiterone.com",
            "nickname": "michell.ayalagalvan+2",
            "picture": "https://s.gravatar.com/avatar/63c2b3277addcf1270b6c25811897743?s=480&r=pg&d=https%3A%2F%2Fcdn.auth0.com%2Favatars%2Fmi.png",
            "updated_at": "2023-09-08T16:15:38.946Z",
            "user_id": "auth0|64fb48aad572a3455f2bb724",
          },
        },
      ],
      "_type": "auth0_user",
      "blocked": undefined,
      "createdAt": "2023-09-08T16:15:38.946Z",
      "createdOn": undefined,
      "displayName": "michell.ayalagalvan+2@contractor.jupiterone.com",
      "email": "michell.ayalagalvan+2@contractor.jupiterone.com",
      "emailVerified": false,
      "familyName": undefined,
      "givenName": undefined,
      "identities": "[{"connection":"Username-Password-Authentication","user_id":"64fb48aad572a3455f2bb724","provider":"auth0","isSocial":false}]",
      "lastIp": undefined,
      "lastLogin": undefined,
      "loginsCount": undefined,
      "multifactor": undefined,
      "name": "michell.ayalagalvan+2@contractor.jupiterone.com",
      "nickname": "michell.ayalagalvan+2",
      "phoneNumber": undefined,
      "phoneVerified": undefined,
      "picture": "https://s.gravatar.com/avatar/63c2b3277addcf1270b6c25811897743?s=480&r=pg&d=https%3A%2F%2Fcdn.auth0.com%2Favatars%2Fmi.png",
      "updatedAt": "2023-09-08T16:15:38.946Z",
      "userId": "auth0|64fb48aad572a3455f2bb724",
      "username": "",
      "webLink": "https://manage.auth0.com/dashboard/au/dev-1twhdvfgiaaimlwz/users/auth0%7C64fb48aad572a3455f2bb724",
    },
    {
      "_class": [
        "User",
      ],
      "_key": "auth0|64fb489bd572a3455f2bb723",
      "_rawData": [
        {
          "name": "default",
          "rawData": {
            "created_at": "2023-09-08T16:15:23.438Z",
            "email": "michell.ayalagalvan+1@contractor.jupiterone.com",
            "email_verified": false,
            "identities": [
              {
                "connection": "Username-Password-Authentication",
                "isSocial": false,
                "provider": "auth0",
                "user_id": "64fb489bd572a3455f2bb723",
              },
            ],
            "name": "michell.ayalagalvan+1@contractor.jupiterone.com",
            "nickname": "michell.ayalagalvan+1",
            "picture": "https://s.gravatar.com/avatar/4394b74bbf6cfa7604589a5e65076a96?s=480&r=pg&d=https%3A%2F%2Fcdn.auth0.com%2Favatars%2Fmi.png",
            "updated_at": "2023-09-08T16:15:23.438Z",
            "user_id": "auth0|64fb489bd572a3455f2bb723",
          },
        },
      ],
      "_type": "auth0_user",
      "blocked": undefined,
      "createdAt": "2023-09-08T16:15:23.438Z",
      "createdOn": undefined,
      "displayName": "michell.ayalagalvan+1@contractor.jupiterone.com",
      "email": "michell.ayalagalvan+1@contractor.jupiterone.com",
      "emailVerified": false,
      "familyName": undefined,
      "givenName": undefined,
      "identities": "[{"connection":"Username-Password-Authentication","user_id":"64fb489bd572a3455f2bb723","provider":"auth0","isSocial":false}]",
      "lastIp": undefined,
      "lastLogin": undefined,
      "loginsCount": undefined,
      "multifactor": undefined,
      "name": "michell.ayalagalvan+1@contractor.jupiterone.com",
      "nickname": "michell.ayalagalvan+1",
      "phoneNumber": undefined,
      "phoneVerified": undefined,
      "picture": "https://s.gravatar.com/avatar/4394b74bbf6cfa7604589a5e65076a96?s=480&r=pg&d=https%3A%2F%2Fcdn.auth0.com%2Favatars%2Fmi.png",
      "updatedAt": "2023-09-08T16:15:23.438Z",
      "userId": "auth0|64fb489bd572a3455f2bb723",
      "username": "",
      "webLink": "https://manage.auth0.com/dashboard/au/dev-1twhdvfgiaaimlwz/users/auth0%7C64fb489bd572a3455f2bb723",
    },
    {
      "_class": [
        "User",
      ],
      "_key": "auth0|64fa038ebe549c74406bc34b",
      "_rawData": [
        {
          "name": "default",
          "rawData": {
            "created_at": "2023-09-07T17:08:30.040Z",
            "email": "michell.ayalagalvan@contractor.jupiterone.com",
            "email_verified": true,
            "identities": [
              {
                "connection": "Username-Password-Authentication",
                "isSocial": false,
                "provider": "auth0",
                "user_id": "64fa038ebe549c74406bc34b",
              },
            ],
            "name": "michell.ayalagalvan@contractor.jupiterone.com",
            "nickname": "michell.ayalagalvan",
            "picture": "https://s.gravatar.com/avatar/4d8e845e90074eb02a2920fed9f2e7ac?s=480&r=pg&d=https%3A%2F%2Fcdn.auth0.com%2Favatars%2Fmi.png",
            "updated_at": "2023-09-07T17:24:48.929Z",
            "user_id": "auth0|64fa038ebe549c74406bc34b",
          },
        },
      ],
      "_type": "auth0_user",
      "blocked": undefined,
      "createdAt": "2023-09-07T17:08:30.040Z",
      "createdOn": undefined,
      "displayName": "michell.ayalagalvan@contractor.jupiterone.com",
      "email": "michell.ayalagalvan@contractor.jupiterone.com",
      "emailVerified": true,
      "familyName": undefined,
      "givenName": undefined,
      "identities": "[{"connection":"Username-Password-Authentication","user_id":"64fa038ebe549c74406bc34b","provider":"auth0","isSocial":false}]",
      "lastIp": undefined,
      "lastLogin": undefined,
      "loginsCount": undefined,
      "multifactor": undefined,
      "name": "michell.ayalagalvan@contractor.jupiterone.com",
      "nickname": "michell.ayalagalvan",
      "phoneNumber": undefined,
      "phoneVerified": undefined,
      "picture": "https://s.gravatar.com/avatar/4d8e845e90074eb02a2920fed9f2e7ac?s=480&r=pg&d=https%3A%2F%2Fcdn.auth0.com%2Favatars%2Fmi.png",
      "updatedAt": "2023-09-07T17:24:48.929Z",
      "userId": "auth0|64fa038ebe549c74406bc34b",
      "username": "",
      "webLink": "https://manage.auth0.com/dashboard/au/dev-1twhdvfgiaaimlwz/users/auth0%7C64fa038ebe549c74406bc34b",
    },
    {
      "_class": [
        "Application",
      ],
      "_key": "GsPRUWXdvCP0lGOZnfkmTNeEIQe00QkK",
      "_rawData": [
        {
          "name": "default",
          "rawData": {
            "allowed_clients": [],
            "callback_url_template": false,
            "callbacks": [],
            "client_aliases": [],
            "client_id": "GsPRUWXdvCP0lGOZnfkmTNeEIQe00QkK",
            "cross_origin_auth": false,
            "custom_login_page_on": true,
            "global": false,
            "grant_types": [
              "authorization_code",
              "implicit",
              "refresh_token",
              "client_credentials",
            ],
            "is_first_party": true,
            "is_token_endpoint_ip_header_trusted": false,
            "name": "Default App",
            "oidc_conformant": true,
            "refresh_token": {
              "expiration_type": "non-expiring",
              "idle_token_lifetime": 1296000,
              "infinite_idle_token_lifetime": true,
              "infinite_token_lifetime": true,
              "leeway": 0,
              "rotation_type": "non-rotating",
              "token_lifetime": 2592000,
            },
            "sso_disabled": false,
            "tenant": "dev-1twhdvfgiaaimlwz",
            "token_endpoint_auth_method": "client_secret_basic",
          },
        },
      ],
      "_type": "auth0_client",
      "allowedClients": [],
      "allowedLogoutUrls": undefined,
      "allowedOrigins": undefined,
      "appType": undefined,
      "callbacks": [],
      "clientAliases": [],
      "clientId": "GsPRUWXdvCP0lGOZnfkmTNeEIQe00QkK",
      "createdOn": undefined,
      "crossOriginAuth": false,
      "crossOriginLoc": undefined,
      "customLoginPage": undefined,
      "customLoginPageOn": true,
      "customLoginPagePreview": undefined,
      "description": undefined,
      "displayName": "Default App",
      "formTemplate": undefined,
      "global": false,
      "grantTypes": [
        "authorization_code",
        "implicit",
        "refresh_token",
        "client_credentials",
      ],
      "initiateLoginUri": undefined,
      "isFirstParty": true,
      "logoUri": undefined,
      "name": "Default App",
      "oidcConformant": true,
      "organizationRequireBehavior": undefined,
      "organizationUsage": undefined,
      "sso": undefined,
      "ssoDisabled": false,
      "tenant": "dev-1twhdvfgiaaimlwz",
      "tokenEndpointAuthMethod": "client_secret_basic",
      "tokenExpirationType": "non-expiring",
      "tokenIdleTokenLifetime": 1296000,
      "tokenInfiniteIdleTokenLifetime": true,
      "tokenInfiniteTokenLifetime": true,
      "tokenTokenLifetime": 2592000,
      "webLink": "https://manage.auth0.com/dashboard/au/dev-1twhdvfgiaaimlwz/applications/GsPRUWXdvCP0lGOZnfkmTNeEIQe00QkK/settings",
      "webOrigins": undefined,
    },
    {
      "_class": [
        "Application",
      ],
      "_key": "90XFw2OJkWwenW2RLMZdqvZ31zXdqXFI",
      "_rawData": [
        {
          "name": "default",
          "rawData": {
            "app_type": "non_interactive",
            "callback_url_template": false,
            "client_id": "90XFw2OJkWwenW2RLMZdqvZ31zXdqXFI",
            "cross_origin_auth": false,
            "custom_login_page_on": true,
            "global": false,
            "grant_types": [
              "client_credentials",
            ],
            "is_first_party": true,
            "is_token_endpoint_ip_header_trusted": false,
            "name": "Machine to Machine",
            "oidc_conformant": true,
            "refresh_token": {
              "expiration_type": "non-expiring",
              "idle_token_lifetime": 2592000,
              "infinite_idle_token_lifetime": true,
              "infinite_token_lifetime": true,
              "leeway": 0,
              "rotation_type": "non-rotating",
              "token_lifetime": 31557600,
            },
            "sso_disabled": false,
            "tenant": "dev-1twhdvfgiaaimlwz",
            "token_endpoint_auth_method": "client_secret_post",
          },
        },
      ],
      "_type": "auth0_client",
      "allowedClients": undefined,
      "allowedLogoutUrls": undefined,
      "allowedOrigins": undefined,
      "appType": "non_interactive",
      "callbacks": undefined,
      "clientAliases": undefined,
      "clientId": "90XFw2OJkWwenW2RLMZdqvZ31zXdqXFI",
      "createdOn": undefined,
      "crossOriginAuth": false,
      "crossOriginLoc": undefined,
      "customLoginPage": undefined,
      "customLoginPageOn": true,
      "customLoginPagePreview": undefined,
      "description": undefined,
      "displayName": "Machine to Machine",
      "formTemplate": undefined,
      "global": false,
      "grantTypes": [
        "client_credentials",
      ],
      "initiateLoginUri": undefined,
      "isFirstParty": true,
      "logoUri": undefined,
      "name": "Machine to Machine",
      "oidcConformant": true,
      "organizationRequireBehavior": undefined,
      "organizationUsage": undefined,
      "sso": undefined,
      "ssoDisabled": false,
      "tenant": "dev-1twhdvfgiaaimlwz",
      "tokenEndpointAuthMethod": "client_secret_post",
      "tokenExpirationType": "non-expiring",
      "tokenIdleTokenLifetime": 2592000,
      "tokenInfiniteIdleTokenLifetime": true,
      "tokenInfiniteTokenLifetime": true,
      "tokenTokenLifetime": 31557600,
      "webLink": "https://manage.auth0.com/dashboard/au/dev-1twhdvfgiaaimlwz/applications/90XFw2OJkWwenW2RLMZdqvZ31zXdqXFI/settings",
      "webOrigins": undefined,
    },
    {
      "_class": [
        "Application",
      ],
      "_key": "nkUt5PtqDdtZPXF3RiJhlYfp6yFPipcn",
      "_rawData": [
        {
          "name": "default",
          "rawData": {
            "callbacks": [],
            "client_id": "nkUt5PtqDdtZPXF3RiJhlYfp6yFPipcn",
            "global": true,
            "is_first_party": true,
            "name": "All Applications",
            "owners": [
              "mr|google-oauth2|101590720098519322812",
            ],
            "refresh_token": {
              "expiration_type": "non-expiring",
              "idle_token_lifetime": 1296000,
              "infinite_idle_token_lifetime": true,
              "infinite_token_lifetime": true,
              "leeway": 0,
              "rotation_type": "non-rotating",
              "token_lifetime": 2592000,
            },
            "tenant": "dev-1twhdvfgiaaimlwz",
          },
        },
      ],
      "_type": "auth0_client",
      "allowedClients": undefined,
      "allowedLogoutUrls": undefined,
      "allowedOrigins": undefined,
      "appType": undefined,
      "callbacks": [],
      "clientAliases": undefined,
      "clientId": "nkUt5PtqDdtZPXF3RiJhlYfp6yFPipcn",
      "createdOn": undefined,
      "crossOriginAuth": undefined,
      "crossOriginLoc": undefined,
      "customLoginPage": undefined,
      "customLoginPageOn": undefined,
      "customLoginPagePreview": undefined,
      "description": undefined,
      "displayName": "All Applications",
      "formTemplate": undefined,
      "global": true,
      "grantTypes": undefined,
      "initiateLoginUri": undefined,
      "isFirstParty": true,
      "logoUri": undefined,
      "name": "All Applications",
      "oidcConformant": undefined,
      "organizationRequireBehavior": undefined,
      "organizationUsage": undefined,
      "sso": undefined,
      "ssoDisabled": undefined,
      "tenant": "dev-1twhdvfgiaaimlwz",
      "tokenEndpointAuthMethod": undefined,
      "tokenExpirationType": "non-expiring",
      "tokenIdleTokenLifetime": 1296000,
      "tokenInfiniteIdleTokenLifetime": true,
      "tokenInfiniteTokenLifetime": true,
      "tokenTokenLifetime": 2592000,
      "webLink": "https://manage.auth0.com/dashboard/au/dev-1twhdvfgiaaimlwz/applications/nkUt5PtqDdtZPXF3RiJhlYfp6yFPipcn/settings",
      "webOrigins": undefined,
    },
  ],
  "collectedRelationships": [
    {
      "_class": "HAS",
      "_fromEntityKey": "auth0-account:local-integration-instance",
      "_key": "auth0-account:local-integration-instance|has|auth0|64fb4ca5d572a3455f2bb758",
      "_toEntityKey": "auth0|64fb4ca5d572a3455f2bb758",
      "_type": "auth0_account_has_user",
      "displayName": "HAS",
    },
    {
      "_class": "HAS",
      "_fromEntityKey": "auth0-account:local-integration-instance",
      "_key": "auth0-account:local-integration-instance|has|auth0|64fb4988c095c872cb1970dc",
      "_toEntityKey": "auth0|64fb4988c095c872cb1970dc",
      "_type": "auth0_account_has_user",
      "displayName": "HAS",
    },
    {
      "_class": "HAS",
      "_fromEntityKey": "auth0-account:local-integration-instance",
      "_key": "auth0-account:local-integration-instance|has|auth0|64fb497d87540693da9f6a05",
      "_toEntityKey": "auth0|64fb497d87540693da9f6a05",
      "_type": "auth0_account_has_user",
      "displayName": "HAS",
    },
    {
      "_class": "HAS",
      "_fromEntityKey": "auth0-account:local-integration-instance",
      "_key": "auth0-account:local-integration-instance|has|auth0|64fb497387540693da9f6a03",
      "_toEntityKey": "auth0|64fb497387540693da9f6a03",
      "_type": "auth0_account_has_user",
      "displayName": "HAS",
    },
    {
      "_class": "HAS",
      "_fromEntityKey": "auth0-account:local-integration-instance",
      "_key": "auth0-account:local-integration-instance|has|auth0|64fb496abe549c74406bf33f",
      "_toEntityKey": "auth0|64fb496abe549c74406bf33f",
      "_type": "auth0_account_has_user",
      "displayName": "HAS",
    },
    {
      "_class": "HAS",
      "_fromEntityKey": "auth0-account:local-integration-instance",
      "_key": "auth0-account:local-integration-instance|has|auth0|64fb4950c095c872cb1970d8",
      "_toEntityKey": "auth0|64fb4950c095c872cb1970d8",
      "_type": "auth0_account_has_user",
      "displayName": "HAS",
    },
    {
      "_class": "HAS",
      "_fromEntityKey": "auth0-account:local-integration-instance",
      "_key": "auth0-account:local-integration-instance|has|auth0|64fb4946c095c872cb1970d7",
      "_toEntityKey": "auth0|64fb4946c095c872cb1970d7",
      "_type": "auth0_account_has_user",
      "displayName": "HAS",
    },
    {
      "_class": "HAS",
      "_fromEntityKey": "auth0-account:local-integration-instance",
      "_key": "auth0-account:local-integration-instance|has|auth0|64fb4907c095c872cb1970d2",
      "_toEntityKey": "auth0|64fb4907c095c872cb1970d2",
      "_type": "auth0_account_has_user",
      "displayName": "HAS",
    },
    {
      "_class": "HAS",
      "_fromEntityKey": "auth0-account:local-integration-instance",
      "_key": "auth0-account:local-integration-instance|has|auth0|64fb48f1c095c872cb1970d1",
      "_toEntityKey": "auth0|64fb48f1c095c872cb1970d1",
      "_type": "auth0_account_has_user",
      "displayName": "HAS",
    },
    {
      "_class": "HAS",
      "_fromEntityKey": "auth0-account:local-integration-instance",
      "_key": "auth0-account:local-integration-instance|has|auth0|64fb48e787540693da9f69fd",
      "_toEntityKey": "auth0|64fb48e787540693da9f69fd",
      "_type": "auth0_account_has_user",
      "displayName": "HAS",
    },
    {
      "_class": "HAS",
      "_fromEntityKey": "auth0-account:local-integration-instance",
      "_key": "auth0-account:local-integration-instance|has|auth0|64fb48dac095c872cb1970cf",
      "_toEntityKey": "auth0|64fb48dac095c872cb1970cf",
      "_type": "auth0_account_has_user",
      "displayName": "HAS",
    },
    {
      "_class": "HAS",
      "_fromEntityKey": "auth0-account:local-integration-instance",
      "_key": "auth0-account:local-integration-instance|has|auth0|64fb48cfbe549c74406bf336",
      "_toEntityKey": "auth0|64fb48cfbe549c74406bf336",
      "_type": "auth0_account_has_user",
      "displayName": "HAS",
    },
    {
      "_class": "HAS",
      "_fromEntityKey": "auth0-account:local-integration-instance",
      "_key": "auth0-account:local-integration-instance|has|auth0|64fb48c2be549c74406bf335",
      "_toEntityKey": "auth0|64fb48c2be549c74406bf335",
      "_type": "auth0_account_has_user",
      "displayName": "HAS",
    },
    {
      "_class": "HAS",
      "_fromEntityKey": "auth0-account:local-integration-instance",
      "_key": "auth0-account:local-integration-instance|has|auth0|64fb48b6d572a3455f2bb726",
      "_toEntityKey": "auth0|64fb48b6d572a3455f2bb726",
      "_type": "auth0_account_has_user",
      "displayName": "HAS",
    },
    {
      "_class": "HAS",
      "_fromEntityKey": "auth0-account:local-integration-instance",
      "_key": "auth0-account:local-integration-instance|has|auth0|64fb48aad572a3455f2bb724",
      "_toEntityKey": "auth0|64fb48aad572a3455f2bb724",
      "_type": "auth0_account_has_user",
      "displayName": "HAS",
    },
    {
      "_class": "HAS",
      "_fromEntityKey": "auth0-account:local-integration-instance",
      "_key": "auth0-account:local-integration-instance|has|auth0|64fb489bd572a3455f2bb723",
      "_toEntityKey": "auth0|64fb489bd572a3455f2bb723",
      "_type": "auth0_account_has_user",
      "displayName": "HAS",
    },
    {
      "_class": "HAS",
      "_fromEntityKey": "auth0-account:local-integration-instance",
      "_key": "auth0-account:local-integration-instance|has|auth0|64fa038ebe549c74406bc34b",
      "_toEntityKey": "auth0|64fa038ebe549c74406bc34b",
      "_type": "auth0_account_has_user",
      "displayName": "HAS",
    },
    {
      "_class": "HAS",
      "_fromEntityKey": "auth0-account:local-integration-instance",
      "_key": "auth0-account:local-integration-instance|has|GsPRUWXdvCP0lGOZnfkmTNeEIQe00QkK",
      "_toEntityKey": "GsPRUWXdvCP0lGOZnfkmTNeEIQe00QkK",
      "_type": "auth0_account_has_client",
      "displayName": "HAS",
    },
    {
      "_class": "HAS",
      "_fromEntityKey": "auth0-account:local-integration-instance",
      "_key": "auth0-account:local-integration-instance|has|90XFw2OJkWwenW2RLMZdqvZ31zXdqXFI",
      "_toEntityKey": "90XFw2OJkWwenW2RLMZdqvZ31zXdqXFI",
      "_type": "auth0_account_has_client",
      "displayName": "HAS",
    },
    {
      "_class": "HAS",
      "_fromEntityKey": "auth0-account:local-integration-instance",
      "_key": "auth0-account:local-integration-instance|has|nkUt5PtqDdtZPXF3RiJhlYfp6yFPipcn",
      "_toEntityKey": "nkUt5PtqDdtZPXF3RiJhlYfp6yFPipcn",
      "_type": "auth0_account_has_client",
      "displayName": "HAS",
    },
  ],
  "encounteredTypes": [
    "auth0_account",
    "auth0_user",
    "auth0_account_has_user",
    "auth0_client",
    "auth0_account_has_client",
  ],
  "numCollectedEntities": 21,
  "numCollectedRelationships": 20,
}
`;
