// Jest Snapshot v1, https://goo.gl/fbAQLP

exports[`should collect data 1`] = `
Object {
  "collectedEntities": Array [
    Object {
      "_class": Array [
        "Account",
      ],
      "_key": "auth0-account:local-integration-instance",
      "_rawData": Array [
        Object {
          "name": "default",
          "rawData": Object {
            "id": "Auth0 Account",
            "name": "Auth0 Account",
          },
        },
      ],
      "_type": "auth0_account",
      "createdOn": undefined,
      "displayName": "Auth0 Account",
      "id": "Auth0 Account",
      "name": "Auth0 Account",
      "webLink": "https://manage.auth0.com/dashboard/us/dev-jupiterone/",
    },
    Object {
      "_class": Array [
        "User",
      ],
      "_key": "auth0|johnny.joestar:johnny.gyro@gmail.com",
      "_rawData": Array [
        Object {
          "name": "default",
          "rawData": Object {
            "blocked": false,
            "created_at": "2023-02-21T02:33:19.083Z",
            "email": "johnny.gyro@gmail.com",
            "email_verified": false,
            "family_name": "Joestar",
            "given_name": "Johnny",
            "identities": Array [
              Object {
                "connection": "Username-Password-Authentication",
                "isSocial": false,
                "provider": "auth0",
                "user_id": "johnny.joestar",
              },
            ],
            "name": "Johnny Joestar",
            "nickname": "Tusk",
            "picture": "https://secure.gravatar.com/avatar/15626c5e0c749cb912f9d1ad48dba440?s=480&r=pg&d=https%3A%2F%2Fssl.gstatic.com%2Fs2%2Fprofiles%2Fimages%2Fsilhouette80.png",
            "updated_at": "2023-02-21T02:33:19.083Z",
            "user_id": "auth0|johnny.joestar",
          },
        },
      ],
      "_type": "auth0_user",
      "active": true,
      "blocked": false,
      "createdOn": 1676946799083,
      "displayName": "Johnny Joestar",
      "email": "johnny.gyro@gmail.com",
      "emailVerified": false,
      "familyName": "Joestar",
      "givenName": "Johnny",
      "identities": "[{\\"user_id\\":\\"johnny.joestar\\",\\"connection\\":\\"Username-Password-Authentication\\",\\"provider\\":\\"auth0\\",\\"isSocial\\":false}]",
      "lastIp": undefined,
      "lastLogin": undefined,
      "loginsCount": undefined,
      "multifactor": undefined,
      "name": "Johnny Joestar",
      "nickname": "Tusk",
      "phoneNumber": undefined,
      "phoneVerified": undefined,
      "picture": "https://secure.gravatar.com/avatar/15626c5e0c749cb912f9d1ad48dba440?s=480&r=pg&d=https%3A%2F%2Fssl.gstatic.com%2Fs2%2Fprofiles%2Fimages%2Fsilhouette80.png",
      "updatedOn": 1676946799083,
      "userId": "auth0|johnny.joestar",
      "username": "",
      "webLink": "https://manage.auth0.com/dashboard/us/dev-jupiterone/users/auth0%7Cjohnny.joestar",
    },
    Object {
      "_class": Array [
        "User",
      ],
      "_key": "auth0|abc:john.doe@gmail.com",
      "_rawData": Array [
        Object {
          "name": "default",
          "rawData": Object {
            "blocked": false,
            "created_at": "2023-02-21T02:20:51.259Z",
            "email": "john.doe@gmail.com",
            "email_verified": false,
            "family_name": "Doe",
            "given_name": "John",
            "identities": Array [
              Object {
                "connection": "Username-Password-Authentication",
                "isSocial": false,
                "provider": "auth0",
                "user_id": "abc",
              },
            ],
            "name": "John Doe",
            "nickname": "Johnny",
            "picture": "https://secure.gravatar.com/avatar/15626c5e0c749cb912f9d1ad48dba440?s=480&r=pg&d=https%3A%2F%2Fssl.gstatic.com%2Fs2%2Fprofiles%2Fimages%2Fsilhouette80.png",
            "updated_at": "2023-02-21T02:20:51.259Z",
            "user_id": "auth0|abc",
          },
        },
      ],
      "_type": "auth0_user",
      "active": true,
      "blocked": false,
      "createdOn": 1676946051259,
      "displayName": "John Doe",
      "email": "john.doe@gmail.com",
      "emailVerified": false,
      "familyName": "Doe",
      "givenName": "John",
      "identities": "[{\\"user_id\\":\\"abc\\",\\"connection\\":\\"Username-Password-Authentication\\",\\"provider\\":\\"auth0\\",\\"isSocial\\":false}]",
      "lastIp": undefined,
      "lastLogin": undefined,
      "loginsCount": undefined,
      "multifactor": undefined,
      "name": "John Doe",
      "nickname": "Johnny",
      "phoneNumber": undefined,
      "phoneVerified": undefined,
      "picture": "https://secure.gravatar.com/avatar/15626c5e0c749cb912f9d1ad48dba440?s=480&r=pg&d=https%3A%2F%2Fssl.gstatic.com%2Fs2%2Fprofiles%2Fimages%2Fsilhouette80.png",
      "updatedOn": 1676946051259,
      "userId": "auth0|abc",
      "username": "",
      "webLink": "https://manage.auth0.com/dashboard/us/dev-jupiterone/users/auth0%7Cabc",
    },
    Object {
      "_class": Array [
        "Application",
      ],
      "_key": "J7jcpqUucXefja3rnOQilC5gkGR2Npi9",
      "_rawData": Array [
        Object {
          "name": "default",
          "rawData": Object {
            "callback_url_template": false,
            "callbacks": Array [],
            "client_id": "J7jcpqUucXefja3rnOQilC5gkGR2Npi9",
            "cross_origin_auth": false,
            "custom_login_page_on": true,
            "global": false,
            "grant_types": Array [
              "authorization_code",
              "implicit",
              "refresh_token",
              "client_credentials",
            ],
            "is_first_party": true,
            "is_token_endpoint_ip_header_trusted": false,
            "name": "Default App",
            "oidc_conformant": true,
            "refresh_token": Object {
              "expiration_type": "non-expiring",
              "idle_token_lifetime": 1296000,
              "infinite_idle_token_lifetime": true,
              "infinite_token_lifetime": true,
              "leeway": 0,
              "rotation_type": "non-rotating",
              "token_lifetime": 2592000,
            },
            "sso_disabled": false,
            "tenant": "dev-kyq64v8831k21hfm",
          },
        },
      ],
      "_type": "auth0_client",
      "allowedClients": undefined,
      "allowedLogoutUrls": undefined,
      "allowedOrigins": undefined,
      "appType": undefined,
      "callbacks": Array [],
      "clientAliases": undefined,
      "clientId": "J7jcpqUucXefja3rnOQilC5gkGR2Npi9",
      "createdOn": undefined,
      "crossOriginAuth": false,
      "crossOriginLoc": undefined,
      "customLoginPage": undefined,
      "customLoginPageOn": true,
      "customLoginPagePreview": undefined,
      "description": undefined,
      "displayName": "Default App",
      "formTemplate": undefined,
      "global": false,
      "grantTypes": Array [
        "authorization_code",
        "implicit",
        "refresh_token",
        "client_credentials",
      ],
      "initiateLoginUri": undefined,
      "isFirstParty": true,
      "logoUri": undefined,
      "name": "Default App",
      "oidcConformant": true,
      "organizationRequireBehavior": undefined,
      "organizationUsage": undefined,
      "sso": undefined,
      "ssoDisabled": false,
      "tenant": "dev-kyq64v8831k21hfm",
      "tokenEndpointAuthMethod": undefined,
      "tokenExpirationType": "non-expiring",
      "tokenIdleTokenLifetime": 1296000,
      "tokenInfiniteIdleTokenLifetime": true,
      "tokenInfiniteTokenLifetime": true,
      "tokenTokenLifetime": 2592000,
      "webLink": "https://manage.auth0.com/dashboard/us/dev-jupiterone/applications/J7jcpqUucXefja3rnOQilC5gkGR2Npi9/settings",
      "webOrigins": undefined,
    },
    Object {
      "_class": Array [
        "Application",
      ],
      "_key": "JwEMI2f7z7k1Vatakpwg099SLM2cJ8L9",
      "_rawData": Array [
        Object {
          "name": "default",
          "rawData": Object {
            "app_type": "non_interactive",
            "callback_url_template": false,
            "client_id": "JwEMI2f7z7k1Vatakpwg099SLM2cJ8L9",
            "cross_origin_auth": false,
            "custom_login_page_on": true,
            "global": false,
            "grant_types": Array [
              "client_credentials",
            ],
            "is_first_party": true,
            "is_token_endpoint_ip_header_trusted": false,
            "name": "Auth0 Management API (Test Application)",
            "oidc_conformant": true,
            "refresh_token": Object {
              "expiration_type": "non-expiring",
              "idle_token_lifetime": 2592000,
              "infinite_idle_token_lifetime": true,
              "infinite_token_lifetime": true,
              "leeway": 0,
              "rotation_type": "non-rotating",
              "token_lifetime": 31557600,
            },
            "sso_disabled": false,
            "tenant": "dev-kyq64v8831k21hfm",
            "token_endpoint_auth_method": "client_secret_post",
          },
        },
      ],
      "_type": "auth0_client",
      "allowedClients": undefined,
      "allowedLogoutUrls": undefined,
      "allowedOrigins": undefined,
      "appType": "non_interactive",
      "callbacks": undefined,
      "clientAliases": undefined,
      "clientId": "JwEMI2f7z7k1Vatakpwg099SLM2cJ8L9",
      "createdOn": undefined,
      "crossOriginAuth": false,
      "crossOriginLoc": undefined,
      "customLoginPage": undefined,
      "customLoginPageOn": true,
      "customLoginPagePreview": undefined,
      "description": undefined,
      "displayName": "Auth0 Management API (Test Application)",
      "formTemplate": undefined,
      "global": false,
      "grantTypes": Array [
        "client_credentials",
      ],
      "initiateLoginUri": undefined,
      "isFirstParty": true,
      "logoUri": undefined,
      "name": "Auth0 Management API (Test Application)",
      "oidcConformant": true,
      "organizationRequireBehavior": undefined,
      "organizationUsage": undefined,
      "sso": undefined,
      "ssoDisabled": false,
      "tenant": "dev-kyq64v8831k21hfm",
      "tokenEndpointAuthMethod": "client_secret_post",
      "tokenExpirationType": "non-expiring",
      "tokenIdleTokenLifetime": 2592000,
      "tokenInfiniteIdleTokenLifetime": true,
      "tokenInfiniteTokenLifetime": true,
      "tokenTokenLifetime": 31557600,
      "webLink": "https://manage.auth0.com/dashboard/us/dev-jupiterone/applications/JwEMI2f7z7k1Vatakpwg099SLM2cJ8L9/settings",
      "webOrigins": undefined,
    },
    Object {
      "_class": Array [
        "Application",
      ],
      "_key": "9xEfx8J9GSBDsDtUypGdCWEa0zSFAgTl",
      "_rawData": Array [
        Object {
          "name": "default",
          "rawData": Object {
            "app_type": "non_interactive",
            "callback_url_template": false,
            "client_id": "9xEfx8J9GSBDsDtUypGdCWEa0zSFAgTl",
            "cross_origin_auth": false,
            "custom_login_page_on": true,
            "global": false,
            "grant_types": Array [
              "client_credentials",
            ],
            "is_first_party": true,
            "is_token_endpoint_ip_header_trusted": false,
            "name": "API Explorer Application",
            "oidc_conformant": true,
            "refresh_token": Object {
              "expiration_type": "non-expiring",
              "idle_token_lifetime": 2592000,
              "infinite_idle_token_lifetime": true,
              "infinite_token_lifetime": true,
              "leeway": 0,
              "rotation_type": "non-rotating",
              "token_lifetime": 31557600,
            },
            "sso_disabled": false,
            "tenant": "dev-kyq64v8831k21hfm",
            "token_endpoint_auth_method": "client_secret_post",
          },
        },
      ],
      "_type": "auth0_client",
      "allowedClients": undefined,
      "allowedLogoutUrls": undefined,
      "allowedOrigins": undefined,
      "appType": "non_interactive",
      "callbacks": undefined,
      "clientAliases": undefined,
      "clientId": "9xEfx8J9GSBDsDtUypGdCWEa0zSFAgTl",
      "createdOn": undefined,
      "crossOriginAuth": false,
      "crossOriginLoc": undefined,
      "customLoginPage": undefined,
      "customLoginPageOn": true,
      "customLoginPagePreview": undefined,
      "description": undefined,
      "displayName": "API Explorer Application",
      "formTemplate": undefined,
      "global": false,
      "grantTypes": Array [
        "client_credentials",
      ],
      "initiateLoginUri": undefined,
      "isFirstParty": true,
      "logoUri": undefined,
      "name": "API Explorer Application",
      "oidcConformant": true,
      "organizationRequireBehavior": undefined,
      "organizationUsage": undefined,
      "sso": undefined,
      "ssoDisabled": false,
      "tenant": "dev-kyq64v8831k21hfm",
      "tokenEndpointAuthMethod": "client_secret_post",
      "tokenExpirationType": "non-expiring",
      "tokenIdleTokenLifetime": 2592000,
      "tokenInfiniteIdleTokenLifetime": true,
      "tokenInfiniteTokenLifetime": true,
      "tokenTokenLifetime": 31557600,
      "webLink": "https://manage.auth0.com/dashboard/us/dev-jupiterone/applications/9xEfx8J9GSBDsDtUypGdCWEa0zSFAgTl/settings",
      "webOrigins": undefined,
    },
    Object {
      "_class": Array [
        "Application",
      ],
      "_key": "IdALz1u0Qhr2NJgfwKHRbi9FRCxgF0FC",
      "_rawData": Array [
        Object {
          "name": "default",
          "rawData": Object {
            "callbacks": Array [],
            "client_id": "IdALz1u0Qhr2NJgfwKHRbi9FRCxgF0FC",
            "global": true,
            "is_first_party": true,
            "name": "All Applications",
            "owners": Array [
              "mr|auth0|63e485824048d7d8dc1e1ebd",
            ],
            "refresh_token": Object {
              "expiration_type": "non-expiring",
              "idle_token_lifetime": 1296000,
              "infinite_idle_token_lifetime": true,
              "infinite_token_lifetime": true,
              "leeway": 0,
              "rotation_type": "non-rotating",
              "token_lifetime": 2592000,
            },
            "tenant": "dev-kyq64v8831k21hfm",
          },
        },
      ],
      "_type": "auth0_client",
      "allowedClients": undefined,
      "allowedLogoutUrls": undefined,
      "allowedOrigins": undefined,
      "appType": undefined,
      "callbacks": Array [],
      "clientAliases": undefined,
      "clientId": "IdALz1u0Qhr2NJgfwKHRbi9FRCxgF0FC",
      "createdOn": undefined,
      "crossOriginAuth": undefined,
      "crossOriginLoc": undefined,
      "customLoginPage": undefined,
      "customLoginPageOn": undefined,
      "customLoginPagePreview": undefined,
      "description": undefined,
      "displayName": "All Applications",
      "formTemplate": undefined,
      "global": true,
      "grantTypes": undefined,
      "initiateLoginUri": undefined,
      "isFirstParty": true,
      "logoUri": undefined,
      "name": "All Applications",
      "oidcConformant": undefined,
      "organizationRequireBehavior": undefined,
      "organizationUsage": undefined,
      "sso": undefined,
      "ssoDisabled": undefined,
      "tenant": "dev-kyq64v8831k21hfm",
      "tokenEndpointAuthMethod": undefined,
      "tokenExpirationType": "non-expiring",
      "tokenIdleTokenLifetime": 1296000,
      "tokenInfiniteIdleTokenLifetime": true,
      "tokenInfiniteTokenLifetime": true,
      "tokenTokenLifetime": 2592000,
      "webLink": "https://manage.auth0.com/dashboard/us/dev-jupiterone/applications/IdALz1u0Qhr2NJgfwKHRbi9FRCxgF0FC/settings",
      "webOrigins": undefined,
    },
  ],
  "collectedRelationships": Array [
    Object {
      "_class": "HAS",
      "_fromEntityKey": "auth0-account:local-integration-instance",
      "_key": "auth0-account:local-integration-instance|has|auth0|johnny.joestar:johnny.gyro@gmail.com",
      "_toEntityKey": "auth0|johnny.joestar:johnny.gyro@gmail.com",
      "_type": "auth0_account_has_user",
      "displayName": "HAS",
    },
    Object {
      "_class": "HAS",
      "_fromEntityKey": "auth0-account:local-integration-instance",
      "_key": "auth0-account:local-integration-instance|has|auth0|abc:john.doe@gmail.com",
      "_toEntityKey": "auth0|abc:john.doe@gmail.com",
      "_type": "auth0_account_has_user",
      "displayName": "HAS",
    },
    Object {
      "_class": "HAS",
      "_fromEntityKey": "auth0-account:local-integration-instance",
      "_key": "auth0-account:local-integration-instance|has|J7jcpqUucXefja3rnOQilC5gkGR2Npi9",
      "_toEntityKey": "J7jcpqUucXefja3rnOQilC5gkGR2Npi9",
      "_type": "auth0_account_has_client",
      "displayName": "HAS",
    },
    Object {
      "_class": "HAS",
      "_fromEntityKey": "auth0-account:local-integration-instance",
      "_key": "auth0-account:local-integration-instance|has|JwEMI2f7z7k1Vatakpwg099SLM2cJ8L9",
      "_toEntityKey": "JwEMI2f7z7k1Vatakpwg099SLM2cJ8L9",
      "_type": "auth0_account_has_client",
      "displayName": "HAS",
    },
    Object {
      "_class": "HAS",
      "_fromEntityKey": "auth0-account:local-integration-instance",
      "_key": "auth0-account:local-integration-instance|has|9xEfx8J9GSBDsDtUypGdCWEa0zSFAgTl",
      "_toEntityKey": "9xEfx8J9GSBDsDtUypGdCWEa0zSFAgTl",
      "_type": "auth0_account_has_client",
      "displayName": "HAS",
    },
    Object {
      "_class": "HAS",
      "_fromEntityKey": "auth0-account:local-integration-instance",
      "_key": "auth0-account:local-integration-instance|has|IdALz1u0Qhr2NJgfwKHRbi9FRCxgF0FC",
      "_toEntityKey": "IdALz1u0Qhr2NJgfwKHRbi9FRCxgF0FC",
      "_type": "auth0_account_has_client",
      "displayName": "HAS",
    },
  ],
  "encounteredTypes": Array [
    "auth0_account",
    "auth0_user",
    "auth0_account_has_user",
    "auth0_client",
    "auth0_account_has_client",
  ],
  "numCollectedEntities": 7,
  "numCollectedRelationships": 6,
}
`;
