// Jest Snapshot v1, https://goo.gl/fbAQLP

exports[`should collect data 1`] = `
{
  "collectedEntities": [
    {
      "_class": [
        "Account",
      ],
      "_key": "auth0-account:local-integration-instance",
      "_rawData": [
        {
          "name": "default",
          "rawData": {
            "id": "Auth0 Account",
            "name": "Auth0 Account",
          },
        },
      ],
      "_type": "auth0_account",
      "createdOn": undefined,
      "displayName": "Auth0 Account",
      "id": "Auth0 Account",
      "name": "Auth0 Account",
      "webLink": "https://manage.auth0.com/dashboard/us/dev-123456777777/",
    },
    {
      "_class": [
        "User",
      ],
      "_key": "auth0|6540110deb764e4ff133126b",
      "_rawData": [
        {
          "name": "default",
          "rawData": {
            "created_at": "2023-10-30T20:24:45.094Z",
            "email": "first@user.com",
            "email_verified": false,
            "identities": [
              {
                "connection": "Username-Password-Authentication",
                "isSocial": false,
                "provider": "auth0",
                "user_id": "6540110deb764e4ff133126b",
              },
            ],
            "name": "first@user.com",
            "nickname": "first",
            "picture": "https://s.gravatar.com/avatar/b56fc12a106757098d27713141fba845?s=480&r=pg&d=https%3A%2F%2Fcdn.auth0.com%2Favatars%2Ffi.png",
            "updated_at": "2023-10-30T20:24:45.094Z",
            "user_id": "auth0|6540110deb764e4ff133126b",
          },
        },
      ],
      "_type": "auth0_user",
      "blocked": undefined,
      "createdAt": "2023-10-30T20:24:45.094Z",
      "createdOn": undefined,
      "displayName": "first@user.com",
      "email": "first@user.com",
      "emailVerified": false,
      "familyName": undefined,
      "givenName": undefined,
      "identities": "[{"connection":"Username-Password-Authentication","user_id":"6540110deb764e4ff133126b","provider":"auth0","isSocial":false}]",
      "lastIp": undefined,
      "lastLogin": undefined,
      "loginsCount": undefined,
      "multifactor": undefined,
      "name": "first@user.com",
      "nickname": "first",
      "phoneNumber": undefined,
      "phoneVerified": undefined,
      "picture": "https://s.gravatar.com/avatar/b56fc12a106757098d27713141fba845?s=480&r=pg&d=https%3A%2F%2Fcdn.auth0.com%2Favatars%2Ffi.png",
      "updatedAt": "2023-10-30T20:24:45.094Z",
      "userId": "auth0|6540110deb764e4ff133126b",
      "username": "",
      "webLink": "https://manage.auth0.com/dashboard/us/dev-123456777777/users/auth0%7C6540110deb764e4ff133126b",
    },
    {
      "_class": [
        "Application",
      ],
      "_key": "yhDynofZG5GX0BF3xQN36j9sWhmX79g8",
      "_rawData": [
        {
          "name": "default",
          "rawData": {
            "callback_url_template": false,
            "callbacks": [],
            "client_id": "yhDynofZG5GX0BF3xQN36j9sWhmX79g8",
            "cross_origin_auth": false,
            "custom_login_page_on": true,
            "global": false,
            "grant_types": [
              "authorization_code",
              "implicit",
              "refresh_token",
              "client_credentials",
            ],
            "is_first_party": true,
            "is_token_endpoint_ip_header_trusted": false,
            "name": "Default App",
            "oidc_conformant": true,
            "refresh_token": {
              "expiration_type": "non-expiring",
              "idle_token_lifetime": 1296000,
              "infinite_idle_token_lifetime": true,
              "infinite_token_lifetime": true,
              "leeway": 0,
              "rotation_type": "non-rotating",
              "token_lifetime": 2592000,
            },
            "sso_disabled": false,
            "tenant": "dev-123456777777",
          },
        },
      ],
      "_type": "auth0_client",
      "allowedClients": undefined,
      "allowedLogoutUrls": undefined,
      "allowedOrigins": undefined,
      "appType": undefined,
      "callbacks": [],
      "clientAliases": undefined,
      "clientId": "yhDynofZG5GX0BF3xQN36j9sWhmX79g8",
      "createdOn": undefined,
      "crossOriginAuth": false,
      "crossOriginLoc": undefined,
      "customLoginPage": undefined,
      "customLoginPageOn": true,
      "customLoginPagePreview": undefined,
      "description": undefined,
      "displayName": "Default App",
      "formTemplate": undefined,
      "global": false,
      "grantTypes": [
        "authorization_code",
        "implicit",
        "refresh_token",
        "client_credentials",
      ],
      "initiateLoginUri": undefined,
      "isFirstParty": true,
      "logoUri": undefined,
      "name": "Default App",
      "oidcConformant": true,
      "organizationRequireBehavior": undefined,
      "organizationUsage": undefined,
      "sso": undefined,
      "ssoDisabled": false,
      "tenant": "dev-123456777777",
      "tokenEndpointAuthMethod": undefined,
      "tokenExpirationType": "non-expiring",
      "tokenIdleTokenLifetime": 1296000,
      "tokenInfiniteIdleTokenLifetime": true,
      "tokenInfiniteTokenLifetime": true,
      "tokenTokenLifetime": 2592000,
      "webLink": "https://manage.auth0.com/dashboard/us/dev-123456777777/applications/yhDynofZG5GX0BF3xQN36j9sWhmX79g8/settings",
      "webOrigins": undefined,
    },
    {
      "_class": [
        "Application",
      ],
      "_key": "UNKGTjFwCaQXLg29tr3e1g8V76xeZiQA",
      "_rawData": [
        {
          "name": "default",
          "rawData": {
            "app_type": "non_interactive",
            "callback_url_template": false,
            "client_id": "UNKGTjFwCaQXLg29tr3e1g8V76xeZiQA",
            "cross_origin_auth": false,
            "custom_login_page_on": true,
            "global": false,
            "grant_types": [
              "client_credentials",
            ],
            "is_first_party": true,
            "is_token_endpoint_ip_header_trusted": false,
            "name": "My App",
            "oidc_conformant": true,
            "refresh_token": {
              "expiration_type": "non-expiring",
              "idle_token_lifetime": 2592000,
              "infinite_idle_token_lifetime": true,
              "infinite_token_lifetime": true,
              "leeway": 0,
              "rotation_type": "non-rotating",
              "token_lifetime": 31557600,
            },
            "sso_disabled": false,
            "tenant": "dev-123456777777",
            "token_endpoint_auth_method": "client_secret_post",
          },
        },
      ],
      "_type": "auth0_client",
      "allowedClients": undefined,
      "allowedLogoutUrls": undefined,
      "allowedOrigins": undefined,
      "appType": "non_interactive",
      "callbacks": undefined,
      "clientAliases": undefined,
      "clientId": "UNKGTjFwCaQXLg29tr3e1g8V76xeZiQA",
      "createdOn": undefined,
      "crossOriginAuth": false,
      "crossOriginLoc": undefined,
      "customLoginPage": undefined,
      "customLoginPageOn": true,
      "customLoginPagePreview": undefined,
      "description": undefined,
      "displayName": "My App",
      "formTemplate": undefined,
      "global": false,
      "grantTypes": [
        "client_credentials",
      ],
      "initiateLoginUri": undefined,
      "isFirstParty": true,
      "logoUri": undefined,
      "name": "My App",
      "oidcConformant": true,
      "organizationRequireBehavior": undefined,
      "organizationUsage": undefined,
      "sso": undefined,
      "ssoDisabled": false,
      "tenant": "dev-123456777777",
      "tokenEndpointAuthMethod": "client_secret_post",
      "tokenExpirationType": "non-expiring",
      "tokenIdleTokenLifetime": 2592000,
      "tokenInfiniteIdleTokenLifetime": true,
      "tokenInfiniteTokenLifetime": true,
      "tokenTokenLifetime": 31557600,
      "webLink": "https://manage.auth0.com/dashboard/us/dev-123456777777/applications/UNKGTjFwCaQXLg29tr3e1g8V76xeZiQA/settings",
      "webOrigins": undefined,
    },
    {
      "_class": [
        "Application",
      ],
      "_key": "Jw5W2Tnex2dcErEP3Lv4rxcwd0G0GWn8",
      "_rawData": [
        {
          "name": "default",
          "rawData": {
            "app_type": "non_interactive",
            "callback_url_template": false,
            "client_id": "Jw5W2Tnex2dcErEP3Lv4rxcwd0G0GWn8",
            "cross_origin_auth": false,
            "custom_login_page_on": true,
            "global": false,
            "grant_types": [
              "client_credentials",
            ],
            "is_first_party": true,
            "is_token_endpoint_ip_header_trusted": false,
            "name": "ExampleApi (Test Application)",
            "oidc_conformant": true,
            "refresh_token": {
              "expiration_type": "non-expiring",
              "idle_token_lifetime": 2592000,
              "infinite_idle_token_lifetime": true,
              "infinite_token_lifetime": true,
              "leeway": 0,
              "rotation_type": "non-rotating",
              "token_lifetime": 31557600,
            },
            "sso_disabled": false,
            "tenant": "dev-123456777777",
            "token_endpoint_auth_method": "client_secret_post",
          },
        },
      ],
      "_type": "auth0_client",
      "allowedClients": undefined,
      "allowedLogoutUrls": undefined,
      "allowedOrigins": undefined,
      "appType": "non_interactive",
      "callbacks": undefined,
      "clientAliases": undefined,
      "clientId": "Jw5W2Tnex2dcErEP3Lv4rxcwd0G0GWn8",
      "createdOn": undefined,
      "crossOriginAuth": false,
      "crossOriginLoc": undefined,
      "customLoginPage": undefined,
      "customLoginPageOn": true,
      "customLoginPagePreview": undefined,
      "description": undefined,
      "displayName": "ExampleApi (Test Application)",
      "formTemplate": undefined,
      "global": false,
      "grantTypes": [
        "client_credentials",
      ],
      "initiateLoginUri": undefined,
      "isFirstParty": true,
      "logoUri": undefined,
      "name": "ExampleApi (Test Application)",
      "oidcConformant": true,
      "organizationRequireBehavior": undefined,
      "organizationUsage": undefined,
      "sso": undefined,
      "ssoDisabled": false,
      "tenant": "dev-123456777777",
      "tokenEndpointAuthMethod": "client_secret_post",
      "tokenExpirationType": "non-expiring",
      "tokenIdleTokenLifetime": 2592000,
      "tokenInfiniteIdleTokenLifetime": true,
      "tokenInfiniteTokenLifetime": true,
      "tokenTokenLifetime": 31557600,
      "webLink": "https://manage.auth0.com/dashboard/us/dev-123456777777/applications/Jw5W2Tnex2dcErEP3Lv4rxcwd0G0GWn8/settings",
      "webOrigins": undefined,
    },
    {
      "_class": [
        "Application",
      ],
      "_key": "8v5YInw1qPgIuLQPl155wSMPW3QpTiP3",
      "_rawData": [
        {
          "name": "default",
          "rawData": {
            "callbacks": [],
            "client_id": "8v5YInw1qPgIuLQPl155wSMPW3QpTiP3",
            "global": true,
            "is_first_party": true,
            "name": "All Applications",
            "owners": [
              "mr|google-oauth2|105375872130787478542",
            ],
            "refresh_token": {
              "expiration_type": "non-expiring",
              "idle_token_lifetime": 1296000,
              "infinite_idle_token_lifetime": true,
              "infinite_token_lifetime": true,
              "leeway": 0,
              "rotation_type": "non-rotating",
              "token_lifetime": 2592000,
            },
            "tenant": "dev-123456777777",
          },
        },
      ],
      "_type": "auth0_client",
      "allowedClients": undefined,
      "allowedLogoutUrls": undefined,
      "allowedOrigins": undefined,
      "appType": undefined,
      "callbacks": [],
      "clientAliases": undefined,
      "clientId": "8v5YInw1qPgIuLQPl155wSMPW3QpTiP3",
      "createdOn": undefined,
      "crossOriginAuth": undefined,
      "crossOriginLoc": undefined,
      "customLoginPage": undefined,
      "customLoginPageOn": undefined,
      "customLoginPagePreview": undefined,
      "description": undefined,
      "displayName": "All Applications",
      "formTemplate": undefined,
      "global": true,
      "grantTypes": undefined,
      "initiateLoginUri": undefined,
      "isFirstParty": true,
      "logoUri": undefined,
      "name": "All Applications",
      "oidcConformant": undefined,
      "organizationRequireBehavior": undefined,
      "organizationUsage": undefined,
      "sso": undefined,
      "ssoDisabled": undefined,
      "tenant": "dev-123456777777",
      "tokenEndpointAuthMethod": undefined,
      "tokenExpirationType": "non-expiring",
      "tokenIdleTokenLifetime": 1296000,
      "tokenInfiniteIdleTokenLifetime": true,
      "tokenInfiniteTokenLifetime": true,
      "tokenTokenLifetime": 2592000,
      "webLink": "https://manage.auth0.com/dashboard/us/dev-123456777777/applications/8v5YInw1qPgIuLQPl155wSMPW3QpTiP3/settings",
      "webOrigins": undefined,
    },
  ],
  "collectedRelationships": [
    {
      "_class": "HAS",
      "_fromEntityKey": "auth0-account:local-integration-instance",
      "_key": "auth0-account:local-integration-instance|has|auth0|6540110deb764e4ff133126b",
      "_toEntityKey": "auth0|6540110deb764e4ff133126b",
      "_type": "auth0_account_has_user",
      "displayName": "HAS",
    },
    {
      "_class": "HAS",
      "_fromEntityKey": "auth0-account:local-integration-instance",
      "_key": "auth0-account:local-integration-instance|has|yhDynofZG5GX0BF3xQN36j9sWhmX79g8",
      "_toEntityKey": "yhDynofZG5GX0BF3xQN36j9sWhmX79g8",
      "_type": "auth0_account_has_client",
      "displayName": "HAS",
    },
    {
      "_class": "HAS",
      "_fromEntityKey": "auth0-account:local-integration-instance",
      "_key": "auth0-account:local-integration-instance|has|UNKGTjFwCaQXLg29tr3e1g8V76xeZiQA",
      "_toEntityKey": "UNKGTjFwCaQXLg29tr3e1g8V76xeZiQA",
      "_type": "auth0_account_has_client",
      "displayName": "HAS",
    },
    {
      "_class": "HAS",
      "_fromEntityKey": "auth0-account:local-integration-instance",
      "_key": "auth0-account:local-integration-instance|has|Jw5W2Tnex2dcErEP3Lv4rxcwd0G0GWn8",
      "_toEntityKey": "Jw5W2Tnex2dcErEP3Lv4rxcwd0G0GWn8",
      "_type": "auth0_account_has_client",
      "displayName": "HAS",
    },
    {
      "_class": "HAS",
      "_fromEntityKey": "auth0-account:local-integration-instance",
      "_key": "auth0-account:local-integration-instance|has|8v5YInw1qPgIuLQPl155wSMPW3QpTiP3",
      "_toEntityKey": "8v5YInw1qPgIuLQPl155wSMPW3QpTiP3",
      "_type": "auth0_account_has_client",
      "displayName": "HAS",
    },
  ],
  "encounteredTypes": [
    "auth0_account",
    "auth0_user",
    "auth0_account_has_user",
    "auth0_client",
    "auth0_account_has_client",
  ],
  "numCollectedEntities": 6,
  "numCollectedRelationships": 5,
}
`;
